0
Hello World
42
A
Hello World
Hello
5
0
0
Hello World
